say_my_name = __import__('3-say_my_name').say_my_name

first_name = "John"
last_name = "Doe"

>>> say_my_name(first_name, last_name)
My name is John Doe

>>> say_my_name(first_name)
My name is John

>>> say_my_name(last_name)
My name is Doe

>>> say_my_name()
Traceback (most recent call last)
TypeError: say_my_name() missing 1 required positional argument: 'first_name'

>>> say_my_name(12, "Doe")
Traceback (most recent call last):
TypeError: first_name must be a string

>>> say_my_name("John", 12)
Traceback (most recent call last):
TypeError: last_name must be a string