>>> text_indent = __import__('5-text_indentation').text_indentation

>>> text_indent("Hello. How are you?")
Hello.
<BLANKLINE>
How are you?

>>> text_indent("Hello: How are you?")
Hello:
<BLANKLINE>
How are you?

>>> text_indent(34)
Traceback (most recent call last):
TypeError: text must be a string

>>> text_indent()
Traceback (most recent call last):
TypeError: text_indentation() missing 1 required positional argument: 'text'

>>> text_indent("Hello. How are you?", 2)
Traceback (most recent call last):
TypeError: text_indentation() takes 1 positional argument but 2 were given

>>> text_indent("Hello. How are you?", "Hi: How are you?")
Traceback (most recent call last):
TypeError: text_indentation() takes 1 positional argument but 2 were given

>>text_indent(None)
Traceback (most recent call last):
...